###############################################################################
#
# IAR ELF Linker V3.10.1.201 for STM8                     02/Jul/2020  14:12:53
# Copyright 2010-2017 IAR Systems AB.
#
#    Output file  =  D:\STM8Project\WS2812_SC7A0\Debug\Exe\WS2812_S103.out
#    Map file     =  D:\STM8Project\WS2812_SC7A0\Debug\List\WS2812_S103.map
#    Command line =  
#        -f C:\Users\zunly\AppData\Local\Temp\EW651E.tmp
#        (D:\STM8Project\WS2812_SC7A0\Debug\Obj\bsp_adc.o
#        D:\STM8Project\WS2812_SC7A0\Debug\Obj\bsp_i2c.o
#        D:\STM8Project\WS2812_SC7A0\Debug\Obj\bsp_uart.o
#        D:\STM8Project\WS2812_SC7A0\Debug\Obj\gsensor.o
#        D:\STM8Project\WS2812_SC7A0\Debug\Obj\lis3dh_driver.o
#        D:\STM8Project\WS2812_SC7A0\Debug\Obj\main.o
#        D:\STM8Project\WS2812_SC7A0\Debug\Obj\rgb.o
#        D:\STM8Project\WS2812_SC7A0\Debug\Obj\SC7A20.o
#        D:\STM8Project\WS2812_SC7A0\Debug\Obj\stm8s_adc1.o
#        D:\STM8Project\WS2812_SC7A0\Debug\Obj\stm8s_clk.o
#        D:\STM8Project\WS2812_SC7A0\Debug\Obj\stm8s_flash.o
#        D:\STM8Project\WS2812_SC7A0\Debug\Obj\stm8s_gpio.o
#        D:\STM8Project\WS2812_SC7A0\Debug\Obj\stm8s_i2c.o
#        D:\STM8Project\WS2812_SC7A0\Debug\Obj\stm8s_it.o
#        D:\STM8Project\WS2812_SC7A0\Debug\Obj\stm8s_iwdg.o
#        D:\STM8Project\WS2812_SC7A0\Debug\Obj\stm8s_tim1.o
#        D:\STM8Project\WS2812_SC7A0\Debug\Obj\stm8s_tim2.o
#        D:\STM8Project\WS2812_SC7A0\Debug\Obj\stm8s_tim4.o
#        D:\STM8Project\WS2812_SC7A0\Debug\Obj\stm8s_uart1.o
#        D:\STM8Project\WS2812_SC7A0\Debug\Obj\sys.o
#        D:\STM8Project\WS2812_SC7A0\Debug\Obj\ws2812.o --redirect
#        _Printf=_PrintfFullNoMb --redirect _Scanf=_ScanfFullNoMb -o
#        D:\STM8Project\WS2812_SC7A0\Debug\Exe\WS2812_S103.out --map
#        D:\STM8Project\WS2812_SC7A0\Debug\List\WS2812_S103.map --config
#        "D:\Program Files (x86)\IAR Systems\Embedded Workbench
#        8.0\stm8\config\lnkstm8s103f3.icf" --config_def _CSTACK_SIZE=0x100
#        --config_def _HEAP_SIZE=0x100 --entry __iar_program_start --debug_lib)
#
###############################################################################

*******************************************************************************
*** RUNTIME MODEL ATTRIBUTES
***

__SystemLibrary            = DLib
__code_model               = small
__core                     = stm8
__data_model               = medium
__dlib_file_descriptor     = 0
__dlib_full_locale_support = 0
__rt_version               = 4


*******************************************************************************
*** PLACEMENT SUMMARY
***

"A0":  place at start of [0x000000-0x0000ff] { rw section .vregs };
"A1":  place at end of [0x000000-0x0003ff] { block CSTACK };
"P2":  place in [from 0x000000 to 0x0003ff] {
          block HEAP, rw section __DLIB_PERTHREAD, rw section .far.bss,
          rw section .far.data, rw section .far.noinit,
          rw section .far_func.textrw, rw section .huge.bss,
          rw section .huge.data, rw section .huge.noinit,
          rw section .huge_func.textrw, rw section .iar.dynexit,
          rw section .near.bss, rw section .near.data, rw section .near.noinit,
          rw section .near_func.textrw };
"A2":  place at start of [0x008000-0x009fff] { block INTVEC };
"P3":  place in [from 0x008000 to 0x009fff] {
          ro section __DLIB_PERTHREAD_init, ro section .far.data_init,
          ro section .far_func.textrw_init, ro section .huge.data_init,
          ro section .huge_func.textrw_init, ro section .iar.init_table,
          ro section .init_array, ro section .near.data_init,
          ro section .near.rodata, ro section .near_func.text,
          ro section .near_func.textrw_init, ro section .tiny.data_init,
          ro section .tiny.rodata_init };
"P4":  place in [from 0x008000 to 0x009fff] {
          ro section .far.rodata, ro section .far_func.text };
"P5":  place in [from 0x008000 to 0x009fff] {
          ro section .huge.rodata, ro section .huge_func.text };
do not initialize {
   rw section .eeprom.noinit, rw section .far.noinit, rw section .huge.noinit,
   rw section .near.noinit, rw section .tiny.noinit, rw section .vregs };
initialize by copy {
   rw section .far.bss, rw section .far.data, rw section .far_func.textrw,
   rw section .huge.bss, rw section .huge.data, rw section .huge_func.textrw,
   rw section .iar.dynexit, rw section .near.bss, rw section .near.data,
   rw section .near_func.textrw, rw section .tiny.bss, rw section .tiny.data,
   ro section .tiny.rodata };

  Section            Kind      Address    Size  Object
  -------            ----      -------    ----  ------
"A0":                                     0x10
  .vregs             uninit   0x000000    0x10  vregs.o [4]
                            - 0x000010    0x10

"P2", part 1 of 2:                        0x11
  P2-1                        0x000010    0x11  <Init block>
    .near.data       inited   0x000010     0x6  rgb.o [1]
    .near.data       inited   0x000016     0x1  rgb.o [1]
    .near.data       inited   0x000017     0xa  SC7A20.o [1]
                            - 0x000021    0x11

"P2", part 2 of 2:                        0x2f
  .near.bss          zero     0x000021     0x6  rgb.o [1]
  .near.bss          zero     0x000027     0x6  SC7A20.o [1]
  .near.bss          zero     0x00002d     0x4  sys.o [1]
  .near.bss          zero     0x000031     0x4  sys.o [1]
  .near.bss          zero     0x000035     0x3  rgb.o [1]
  .near.bss          zero     0x000038     0x2  gsensor.o [1]
  .near.bss          zero     0x00003a     0x2  gsensor.o [1]
  .near.bss          zero     0x00003c     0x2  gsensor.o [1]
  .near.bss          zero     0x00003e     0x2  main.o [1]
  .near.bss          zero     0x000040     0x2  main.o [1]
  .near.bss          zero     0x000042     0x2  rgb.o [1]
  .near.bss          zero     0x000044     0x2  SC7A20.o [1]
  .near.bss          zero     0x000046     0x2  SC7A20.o [1]
  .near.bss          zero     0x000048     0x2  SC7A20.o [1]
  .near.bss          zero     0x00004a     0x2  stm8s_it.o [1]
  .near.bss          zero     0x00004c     0x2  stm8s_it.o [1]
  .near.bss          zero     0x00004e     0x1  bsp_adc.o [1]
  .near.bss          zero     0x00004f     0x1  main.o [1]
                            - 0x000050    0x2f

"A1":                                    0x100
  CSTACK                      0x000300   0x100  <Block>
    CSTACK           uninit   0x000300   0x100  <Block tail>
                            - 0x000400   0x100

"A2":                                     0x80
  INTVEC                      0x008000    0x80  <Block>
    .intvec          const    0x008000    0x80  interrupt.o [4]
                            - 0x008080    0x80

"P3-P5":                                0x1bb5
  .near_func.text    ro code  0x008080   0x1eb  stm8s_uart1.o [1]
  .near_func.text    ro code  0x00826b   0x185  rgb.o [1]
  .near_func.text    ro code  0x0083f0   0x166  long.o [4]
  .near_func.text    ro code  0x008556   0x164  stm8s_adc1.o [1]
  .near_func.text    ro code  0x0086ba   0x136  sys.o [1]
  .near_func.text    ro code  0x0087f0    0xd8  stm8s_adc1.o [1]
  .near_func.text    ro code  0x0088c8    0xd7  vreg_util.o [4]
  .near_func.text    ro code  0x00899f    0xc9  stm8s_gpio.o [1]
  .near_func.text    ro code  0x008a68    0xbc  gsensor.o [1]
  .near_func.text    ro code  0x008b24    0xaf  main.o [1]
  .near_func.text    ro code  0x008bd3    0xa7  stm8s_adc1.o [1]
  .near_func.text    ro code  0x008c7a    0xa2  stm8s_tim2.o [1]
  .near_func.text    ro code  0x008d1c    0xa2  stm8s_tim2.o [1]
  .near_func.text    ro code  0x008dbe    0xa2  stm8s_tim2.o [1]
  .near_func.text    ro code  0x008e60    0x7a  SC7A20.o [1]
  .near_func.text    ro code  0x008eda    0x77  stm8s_uart1.o [1]
  .near_func.text    ro code  0x008f51    0x71  stm8s_clk.o [1]
  .near_func.text    ro code  0x008fc2    0x61  stm8s_it.o [1]
  .near_func.text    ro code  0x009023    0x60  bsp_i2c.o [1]
  .near_func.text    ro code  0x009083    0x5d  bsp_i2c.o [1]
  .near_func.text    ro code  0x0090e0    0x54  stm8s_adc1.o [1]
  .near_func.text    ro code  0x009134    0x4c  bsp_i2c.o [1]
  .near_func.text    ro code  0x009180    0x4c  stm8s_tim4.o [1]
  .near_func.text    ro code  0x0091cc    0x47  long_util.o [4]
  .near_func.text    ro code  0x009213    0x45  main.o [1]
  .near_func.text    ro code  0x009258    0x45  stm8s_adc1.o [1]
  .near_func.text    ro code  0x00929d    0x42  main.o [1]
  .near_func.text    ro code  0x0092df    0x42  stm8s_tim4.o [1]
  .near_func.text    ro code  0x009321    0x3d  stm8s_adc1.o [1]
  .near_func.text    ro code  0x00935e    0x3b  stm8s_clk.o [1]
  .near_func.text    ro code  0x009399    0x39  short.o [4]
  .near_func.text    ro code  0x0093d2    0x38  bsp_i2c.o [1]
  .near_func.text    ro code  0x00940a    0x37  bsp_i2c.o [1]
  .near_func.text    ro code  0x009441    0x37  stm8s_iwdg.o [1]
  .near_func.text    ro code  0x009478    0x35  bsp_i2c.o [1]
  .near_func.text    ro code  0x0094ad    0x32  bsp_adc.o [1]
  .near_func.text    ro code  0x0094df    0x31  bsp_i2c.o [1]
  .near_func.text    ro code  0x009510    0x31  bsp_i2c.o [1]
  .near_func.text    ro code  0x009541    0x31  bsp_i2c.o [1]
  .near_func.text    ro code  0x009572    0x31  rgb.o [1]
  .near_func.text    ro code  0x0095a3    0x31  rgb.o [1]
  .near_func.text    ro code  0x0095d4    0x31  rgb.o [1]
  .near_func.text    ro code  0x009605    0x31  stm8s_adc1.o [1]
  .near_func.text    ro code  0x009636    0x30  SC7A20.o [1]
  .near_func.text    ro code  0x009666    0x2f  bsp_i2c.o [1]
  .near.rodata       const    0x009695    0x2e  stm8s_uart1.o [1]
  .near.rodata       const    0x0096c3    0x2d  stm8s_adc1.o [1]
  .near.rodata       const    0x0096f0    0x2d  stm8s_gpio.o [1]
  .near.rodata       const    0x00971d    0x2d  stm8s_iwdg.o [1]
  .near.rodata       const    0x00974a    0x2d  stm8s_tim2.o [1]
  .near.rodata       const    0x009777    0x2d  stm8s_tim4.o [1]
  .near_func.text    ro code  0x0097a4    0x2d  bsp_adc.o [1]
  .near.rodata       const    0x0097d1    0x2c  stm8s_clk.o [1]
  .near_func.text    ro code  0x0097fd    0x2c  bsp_adc.o [1]
  .near_func.text    ro code  0x009829    0x2b  stm8s_uart1.o [1]
  .near_func.text    ro code  0x009854    0x2a  stm8s_clk.o [1]
  .near_func.text    ro code  0x00987e    0x2a  stm8s_tim2.o [1]
  .near_func.text    ro code  0x0098a8    0x2a  stm8s_tim2.o [1]
  .near_func.text    ro code  0x0098d2    0x2a  stm8s_tim2.o [1]
  .near_func.text    ro code  0x0098fc    0x2a  stm8s_tim2.o [1]
  .near_func.text    ro code  0x009926    0x2a  stm8s_tim2.o [1]
  .near_func.text    ro code  0x009950    0x2a  stm8s_tim4.o [1]
  .near_func.text    ro code  0x00997a    0x2a  sys.o [1]
  .near_func.text    ro code  0x0099a4    0x28  init_small.o [4]
  .near_func.text    ro code  0x0099cc    0x27  sys.o [1]
  .near_func.text    ro code  0x0099f3    0x25  dc_util.o [4]
  .near_func.text    ro code  0x009a18    0x24  stm8s_iwdg.o [1]
  .near_func.text    ro code  0x009a3c    0x21  bsp_uart.o [1]
  .near_func.text    ro code  0x009a5d    0x21  stm8s_tim4.o [1]
  .near_func.text    ro code  0x009a7e    0x21  stm8s_tim4.o [1]
  .iar.init_table    const    0x009a9f    0x12  - Linker created -
  .near_func.text    ro code  0x009ab1    0x1e  init_small.o [4]
  .near_func.text    ro code  0x009acf    0x1d  main.o [1]
  .near_func.text    ro code  0x009aec    0x1b  bsp_i2c.o [1]
  .near_func.text    ro code  0x009b07    0x15  main.o [1]
  .near_func.text    ro code  0x009b1c    0x14  init.o [4]
  .near_func.text    ro code  0x009b30    0x14  __dbg_xxexit.o [3]
  .near_func.text    ro code  0x009b44    0x13  cstartup.o [4]
  Initializer bytes  const    0x009b57    0x11  <for P2-1>
  .near_func.text    ro code  0x009b68    0x10  sys.o [1]
  .near_func.text    ro code  0x009b78    0x10  sys.o [1]
  .near_func.text    ro code  0x009b88     0xe  sys.o [1]
  .near_func.text    ro code  0x009b96     0xd  stm8s_uart1.o [1]
  .near_func.text    ro code  0x009ba3     0xc  stm8s_tim2.o [1]
  .near_func.text    ro code  0x009baf     0xb  abs.o [4]
  .near_func.text    ro code  0x009bba     0x9  stm8s_tim2.o [1]
  .near_func.text    ro code  0x009bc3     0x9  stm8s_tim2.o [1]
  .near_func.text    ro code  0x009bcc     0x9  stm8s_tim2.o [1]
  .near_func.text    ro code  0x009bd5     0x7  stm8s_gpio.o [1]
  .near_func.text    ro code  0x009bdc     0x7  stm8s_gpio.o [1]
  .near_func.text    ro code  0x009be3     0x5  stm8s_adc1.o [1]
  .near_func.text    ro code  0x009be8     0x5  stm8s_it.o [1]
  .near_func.text    ro code  0x009bed     0x5  stm8s_iwdg.o [1]
  .near_func.text    ro code  0x009bf2     0x5  stm8s_iwdg.o [1]
  .near_func.text    ro code  0x009bf7     0x5  cexit.o [4]
  .near.rodata       const    0x009bfc     0x4  stm8s_clk.o [1]
  .near_func.text    ro code  0x009c00     0x4  stm8s_gpio.o [1]
  .near_func.text    ro code  0x009c04     0x4  stm8s_iwdg.o [1]
  .near_func.text    ro code  0x009c08     0x4  stm8s_uart1.o [1]
  .near_func.text    ro code  0x009c0c     0x3  bsp_adc.o [1]
  .near_func.text    ro code  0x009c0f     0x3  rgb.o [1]
  .near_func.text    ro code  0x009c12     0x3  stm8s_gpio.o [1]
  .near_func.text    ro code  0x009c15     0x3  interrupt.o [4]
  .near_func.text    ro code  0x009c18     0x3  low_level_init.o [4]
  .near_func.text    ro code  0x009c1b     0x3  exit.o [4]
  .near_func.text    ro code  0x009c1e     0x3  unhandled_exception.o [4]
  .near_func.text    ro code  0x009c21     0x1  main.o [1]
  .near_func.text    ro code  0x009c22     0x1  stm8s_it.o [1]
  .near_func.text    ro code  0x009c23     0x1  stm8s_it.o [1]
  .near_func.text    ro code  0x009c24     0x1  stm8s_it.o [1]
  .near_func.text    ro code  0x009c25     0x1  stm8s_it.o [1]
  .near_func.text    ro code  0x009c26     0x1  stm8s_it.o [1]
  .near_func.text    ro code  0x009c27     0x1  stm8s_it.o [1]
  .near_func.text    ro code  0x009c28     0x1  stm8s_it.o [1]
  .near_func.text    ro code  0x009c29     0x1  stm8s_it.o [1]
  .near_func.text    ro code  0x009c2a     0x1  stm8s_it.o [1]
  .near_func.text    ro code  0x009c2b     0x1  stm8s_it.o [1]
  .near_func.text    ro code  0x009c2c     0x1  stm8s_it.o [1]
  .near_func.text    ro code  0x009c2d     0x1  stm8s_it.o [1]
  .near_func.text    ro code  0x009c2e     0x1  stm8s_it.o [1]
  .near_func.text    ro code  0x009c2f     0x1  stm8s_it.o [1]
  .near_func.text    ro code  0x009c30     0x1  stm8s_it.o [1]
  .near_func.text    ro code  0x009c31     0x1  stm8s_it.o [1]
  .near_func.text    ro code  0x009c32     0x1  stm8s_it.o [1]
  .near_func.text    ro code  0x009c33     0x1  stm8s_it.o [1]
  .near_func.text    ro code  0x009c34     0x1  __dbg_break.o [3]
                            - 0x009c35  0x1bb5


*******************************************************************************
*** INIT TABLE
***

          Address   Size
          -------   ----
Zero (__iar_zero_init2)
    1 destination range, total size 0x2f:
          0x000021  0x2f

Copy (__iar_copy_init2)
    1 source range, total size 0x11:
          0x009b57  0x11
    1 destination range, total size 0x11:
          0x000010  0x11



*******************************************************************************
*** MODULE SUMMARY
***

    Module                 ro code  ro data  rw data
    ------                 -------  -------  -------
D:\STM8Project\WS2812_SC7A0\Debug\Obj: [1]
    SC7A20.o                   170       10       22
    bsp_adc.o                  142                 1
    bsp_i2c.o                  650
    bsp_uart.o                  33
    gsensor.o                  188                 6
    main.o                     361                 5
    rgb.o                      539        7       18
    stm8s_adc1.o             1 007       45
    stm8s_clk.o                214       48
    stm8s_gpio.o               222       45
    stm8s_it.o                 120                 4
    stm8s_iwdg.o               105       45
    stm8s_tim2.o               735       45
    stm8s_tim4.o               250       45
    stm8s_uart1.o              670       46
    sys.o                      437                 8
    ------------------------------------------------
    Total:                   5 843      336       64

command line: [2]
    ------------------------------------------------
    Total:

dbgstm8smd.a: [3]
    __dbg_break.o                1
    __dbg_xxexit.o              20
    ------------------------------------------------
    Total:                      21

dlstm8smn.a: [4]
    abs.o                       11
    cexit.o                      5
    cstartup.o                  19
    dc_util.o                   37
    exit.o                       3
    init.o                      20
    init_small.o                70
    interrupt.o                  3      128
    long.o                     358
    long_util.o                 71
    low_level_init.o             3
    short.o                     57
    unhandled_exception.o        3
    vreg_util.o                215
    vregs.o                                       16
    ------------------------------------------------
    Total:                     875      128       16

    Linker created                       18      256
----------------------------------------------------
    Grand Total:             6 739      482      336


*******************************************************************************
*** ENTRY LIST
***

Entry                    Address   Size  Type      Object
-----                    -------   ----  ----      ------
.iar.init_table$$Base   0x009a9f          --   Gb  - Linker created -
.iar.init_table$$Limit  0x009ab1          --   Gb  - Linker created -
?add32_l0_l0_0x         0x008403         Code  Gb  long.o [4]
?b0                     0x000000         Data  Gb  vregs.o [4]
?b1                     0x000001         Data  Gb  vregs.o [4]
?b10                    0x00000a         Data  Gb  vregs.o [4]
?b11                    0x00000b         Data  Gb  vregs.o [4]
?b12                    0x00000c         Data  Gb  vregs.o [4]
?b13                    0x00000d         Data  Gb  vregs.o [4]
?b14                    0x00000e         Data  Gb  vregs.o [4]
?b15                    0x00000f         Data  Gb  vregs.o [4]
?b2                     0x000002         Data  Gb  vregs.o [4]
?b3                     0x000003         Data  Gb  vregs.o [4]
?b4                     0x000004         Data  Gb  vregs.o [4]
?b5                     0x000005         Data  Gb  vregs.o [4]
?b6                     0x000006         Data  Gb  vregs.o [4]
?b7                     0x000007         Data  Gb  vregs.o [4]
?b8                     0x000008         Data  Gb  vregs.o [4]
?b9                     0x000009         Data  Gb  vregs.o [4]
?dc32_l0                0x0099f3         Code  Gb  dc_util.o [4]
?dc32_l1                0x009a00         Code  Gb  dc_util.o [4]
?dc32_px                0x009a0d         Code  Gb  dc_util.o [4]
?e0                     0x000001         Data  Gb  vregs.o [4]
?e1                     0x000005         Data  Gb  vregs.o [4]
?e2                     0x000009         Data  Gb  vregs.o [4]
?e3                     0x00000d         Data  Gb  vregs.o [4]
?epilogue_l2            0x008963         Code  Gb  vreg_util.o [4]
?epilogue_l2_l3         0x008960         Code  Gb  vreg_util.o [4]
?epilogue_w4            0x008967         Code  Gb  vreg_util.o [4]
?inc32_0x_0x            0x0083f5         Code  Gb  long.o [4]
?inc32_l0_l0            0x0083f0         Code  Gb  long.o [4]
?l0                     0x000000         Data  Gb  vregs.o [4]
?l1                     0x000004         Data  Gb  vregs.o [4]
?l2                     0x000008         Data  Gb  vregs.o [4]
?l3                     0x00000c         Data  Gb  vregs.o [4]
?load32_0x_l0           0x009205         Code  Gb  long_util.o [4]
?load32_asp_l0          0x0091f9         Code  Gb  long_util.o [4]
?load32_dbsp_l0         0x0091f4         Code  Gb  long_util.o [4]
?load32_l0_0x           0x0091dc         Code  Gb  long_util.o [4]
?load32_l0_asp          0x0091d1         Code  Gb  long_util.o [4]
?load32_l0_dbsp         0x0091cc         Code  Gb  long_util.o [4]
?load32_l0_xsp          0x0091d3         Code  Gb  long_util.o [4]
?load32_l1_0x           0x0091e8         Code  Gb  long_util.o [4]
?load32_xsp_l0          0x0091fb         Code  Gb  long_util.o [4]
?mov_e0_e2              0x00896e         Code  Gb  vreg_util.o [4]
?mov_e1_e0              0x00897b         Code  Gb  vreg_util.o [4]
?mov_e1_e2              0x008988         Code  Gb  vreg_util.o [4]
?mov_e2_e0              0x008995         Code  Gb  vreg_util.o [4]
?mov_l0_l2              0x00896b         Code  Gb  vreg_util.o [4]
?mov_l1_l0              0x008978         Code  Gb  vreg_util.o [4]
?mov_l1_l2              0x008985         Code  Gb  vreg_util.o [4]
?mov_l2_l0              0x008992         Code  Gb  vreg_util.o [4]
?mov_w1_w5              0x008971         Code  Gb  vreg_util.o [4]
?mov_w3_w1              0x00897e         Code  Gb  vreg_util.o [4]
?mov_w3_w5              0x00898b         Code  Gb  vreg_util.o [4]
?mov_w5_w1              0x008998         Code  Gb  vreg_util.o [4]
?mul16_x_x_w0           0x009399         Code  Gb  short.o [4]
?mul32_l0_l0_0x         0x008439         Code  Gb  long.o [4]
?mul32_l0_l0_dl         0x008436         Code  Gb  long.o [4]
?mul32_l0_l0_l1         0x008442         Code  Gb  long.o [4]
?pop_l0                 0x00892c         Code  Gb  vreg_util.o [4]
?pop_l1                 0x008937         Code  Gb  vreg_util.o [4]
?pop_l2                 0x008942         Code  Gb  vreg_util.o [4]
?pop_l3                 0x00894d         Code  Gb  vreg_util.o [4]
?pop_w4                 0x0088e5         Code  Gb  vreg_util.o [4]
?pop_w6                 0x0088ec         Code  Gb  vreg_util.o [4]
?push_l0                0x0088fb         Code  Gb  vreg_util.o [4]
?push_l1                0x008900         Code  Gb  vreg_util.o [4]
?push_l2                0x008905         Code  Gb  vreg_util.o [4]
?push_l3                0x00890a         Code  Gb  vreg_util.o [4]
?push_w4                0x0088c8         Code  Gb  vreg_util.o [4]
?push_w6                0x0088cd         Code  Gb  vreg_util.o [4]
?sll16_x_x_4            0x0093c1         Code  Gb  short.o [4]
?sll16_x_x_5            0x0093c0         Code  Gb  short.o [4]
?sll16_x_x_6            0x0093bf         Code  Gb  short.o [4]
?sll16_x_x_a            0x0093b7         Code  Gb  short.o [4]
?sll32_0x_0x_a          0x008548         Code  Gb  long.o [4]
?sll32_l0_l0_a          0x008545         Code  Gb  long.o [4]
?sra16_x_x_4            0x0093cd         Code  Gb  short.o [4]
?sra16_x_x_5            0x0093cc         Code  Gb  short.o [4]
?sra16_x_x_6            0x0093cb         Code  Gb  short.o [4]
?srl16_x_x_4            0x0093c6         Code  Gb  short.o [4]
?sub32_l0_l0_0x         0x00841e         Code  Gb  long.o [4]
?sub32_l0_l0_l1         0x00841b         Code  Gb  long.o [4]
?ucmp32_c_l0_0x         0x008535         Code  Gb  long.o [4]
?udiv32_l0_dl_l1        0x0084c0         Code  Gb  long.o [4]
?udiv32_l0_l0_dl        0x0084c5         Code  Gb  long.o [4]
?udiv32_l0_l0_l1        0x0084c8         Code  Gb  long.o [4]
?umod32_l1_l0_l1        0x0084c8         Code  Gb  long.o [4]
?w0                     0x000000         Data  Gb  vregs.o [4]
?w1                     0x000002         Data  Gb  vregs.o [4]
?w2                     0x000004         Data  Gb  vregs.o [4]
?w3                     0x000006         Data  Gb  vregs.o [4]
?w4                     0x000008         Data  Gb  vregs.o [4]
?w5                     0x00000a         Data  Gb  vregs.o [4]
?w6                     0x00000c         Data  Gb  vregs.o [4]
?w7                     0x00000e         Data  Gb  vregs.o [4]
ADC1_ConversionConfig   0x008bd3   0xa7  Code  Gb  stm8s_adc1.o [1]
ADC1_DeInit             0x009605   0x31  Code  Gb  stm8s_adc1.o [1]
ADC1_ExternalTriggerConfig
                        0x0090e0   0x54  Code  Gb  stm8s_adc1.o [1]
ADC1_GetConversionValue
                        0x009321   0x3d  Code  Gb  stm8s_adc1.o [1]
ADC1_IRQHandler         0x009c32    0x1  Code  Gb  stm8s_it.o [1]
ADC1_Init               0x008556  0x164  Code  Gb  stm8s_adc1.o [1]
ADC1_PrescalerConfig    0x009258   0x45  Code  Gb  stm8s_adc1.o [1]
ADC1_SchmittTriggerConfig
                        0x0087f0   0xd8  Code  Gb  stm8s_adc1.o [1]
ADC1_StartConversion    0x009be3    0x5  Code  Gb  stm8s_adc1.o [1]
ADC_Config              0x0097fd   0x29  Code  Lc  bsp_adc.o [1]
ADC_Init                0x009826    0x3  Code  Gb  bsp_adc.o [1]
AWU_IRQHandler          0x009c24    0x1  Code  Gb  stm8s_it.o [1]
AccData8Bit             0x000027    0x6  Data  Gb  SC7A20.o [1]
BlueBlink               0x0095d4   0x31  Code  Gb  rgb.o [1]
CLK_GetClockFreq        0x00935e   0x3b  Code  Gb  stm8s_clk.o [1]
CLK_HSICmd              0x009854   0x2a  Code  Gb  stm8s_clk.o [1]
CLK_IRQHandler          0x009c25    0x1  Code  Gb  stm8s_it.o [1]
CLK_SYSCLKConfig        0x008f51   0x71  Code  Gb  stm8s_clk.o [1]
CSTACK$$Base            0x000300          --   Gb  - Linker created -
CSTACK$$Limit           0x000400          --   Gb  - Linker created -
ChangeColorByRainbow    0x0083bd   0x33  Code  Gb  rgb.o [1]
CheckBatVol             0x0094ad   0x32  Code  Gb  bsp_adc.o [1]
CheckBatVol::lowVolCounter
                        0x00004e    0x1  Data  Lc  bsp_adc.o [1]
Debug                   0x009b88    0xe  Code  Gb  sys.o [1]
Delay                   0x009b68   0x10  Code  Gb  sys.o [1]
DelayMs                 0x0099cc   0x27  Code  Gb  sys.o [1]
EEPROM_EEC_IRQHandler   0x009c33    0x1  Code  Gb  stm8s_it.o [1]
EXTI_PORTA_IRQHandler   0x009c26    0x1  Code  Gb  stm8s_it.o [1]
EXTI_PORTB_IRQHandler   0x009c27    0x1  Code  Gb  stm8s_it.o [1]
EXTI_PORTC_IRQHandler   0x009c28    0x1  Code  Gb  stm8s_it.o [1]
EXTI_PORTD_IRQHandler   0x009c29    0x1  Code  Gb  stm8s_it.o [1]
EXTI_PORTE_IRQHandler   0x009c2a    0x1  Code  Gb  stm8s_it.o [1]
GPIO_Init               0x00899f   0xc9  Code  Gb  stm8s_gpio.o [1]
GPIO_ReadInputData      0x009c12    0x3  Code  Gb  stm8s_gpio.o [1]
GPIO_ReadInputPin       0x009bdc    0x7  Code  Gb  stm8s_gpio.o [1]
GPIO_WriteHigh          0x009bd5    0x7  Code  Gb  stm8s_gpio.o [1]
GPIO_WriteLow           0x009c00    0x4  Code  Gb  stm8s_gpio.o [1]
G_Sensor_SC7A20_Init    0x009636   0x30  Code  Gb  SC7A20.o [1]
GetDutyOldStyle         0x008a68   0xbc  Code  Gb  gsensor.o [1]
GetDutyOldStyle::blueDutyNow
                        0x000038    0x2  Data  Lc  gsensor.o [1]
GetDutyOldStyle::greenDutyNow
                        0x00003c    0x2  Data  Lc  gsensor.o [1]
GetDutyOldStyle::redDutyNow
                        0x00003a    0x2  Data  Lc  gsensor.o [1]
GreenBlink              0x0095a3   0x31  Code  Gb  rgb.o [1]
GsensorToRGB            0x0082cc   0xf1  Code  Gb  rgb.o [1]
GsensorToRGB::colorNow  0x000035    0x3  Data  Lc  rgb.o [1]
GsensorToRGB::temp      0x000042    0x2  Data  Lc  rgb.o [1]
HSIDivFactor            0x009bfc    0x4  Data  Gb  stm8s_clk.o [1]
I2C_IRQHandler          0x009c31    0x1  Code  Gb  stm8s_it.o [1]
IIC_Ack                 0x009510   0x31  Code  Gb  bsp_i2c.o [1]
IIC_Init                0x009478   0x35  Code  Gb  bsp_i2c.o [1]
IIC_NAck                0x009541   0x31  Code  Gb  bsp_i2c.o [1]
IIC_Read_Byte           0x009083   0x5d  Code  Gb  bsp_i2c.o [1]
IIC_SDA_Dir             0x009aec   0x1b  Code  Gb  bsp_i2c.o [1]
IIC_Start               0x0094df   0x31  Code  Gb  bsp_i2c.o [1]
IIC_Stop                0x00940a   0x37  Code  Gb  bsp_i2c.o [1]
IIC_Wait_Ack            0x009134   0x4c  Code  Gb  bsp_i2c.o [1]
IIC_Write_Byte          0x009023   0x60  Code  Gb  bsp_i2c.o [1]
INTVEC$$Base            0x008000          --   Gb  - Linker created -
INTVEC$$Limit           0x008080          --   Gb  - Linker created -
IWDG_Config             0x009b07   0x15  Code  Lc  main.o [1]
IWDG_Enable             0x009bf2    0x5  Code  Gb  stm8s_iwdg.o [1]
IWDG_ReloadCounter      0x009bed    0x5  Code  Gb  stm8s_iwdg.o [1]
IWDG_SetPrescaler       0x009441   0x37  Code  Gb  stm8s_iwdg.o [1]
IWDG_SetReload          0x009c04    0x4  Code  Gb  stm8s_iwdg.o [1]
IWDG_WriteAccessCmd     0x009a18   0x24  Code  Gb  stm8s_iwdg.o [1]
MX_ADC1_Get_Average_Data
                        0x0097a4   0x2d  Code  Gb  bsp_adc.o [1]
MX_ADC1_Get_Data        0x009c0c    0x3  Code  Gb  bsp_adc.o [1]
PowerManage             0x00929d   0x42  Code  Gb  main.o [1]
PowerManage::postOld    0x000040    0x2  Data  Lc  main.o [1]
PowerManage::sleepCounter
                        0x00003e    0x2  Data  Lc  main.o [1]
PowerOff                0x009b78   0x10  Code  Gb  sys.o [1]
RainbowChang            0x008271   0x5b  Code  Gb  rgb.o [1]
RainbowChang::rainbowDirection
                        0x000016    0x1  Data  Lc  rgb.o [1]
ReadXYZdata             0x008e60   0x7a  Code  Gb  SC7A20.o [1]
RedBlink                0x009572   0x31  Code  Gb  rgb.o [1]
Region$$Table$$Base     0x009a9f          --   Gb  - Linker created -
Region$$Table$$Limit    0x009ab1          --   Gb  - Linker created -
SC7A20_REG              0x000017    0xa  Data  Gb  SC7A20.o [1]
SL_ACCEL_X              0x000044    0x2  Data  Gb  SC7A20.o [1]
SL_ACCEL_Y              0x000046    0x2  Data  Gb  SC7A20.o [1]
SL_ACCEL_Z              0x000048    0x2  Data  Gb  SC7A20.o [1]
SPI_IRQHandler          0x009c2b    0x1  Code  Gb  stm8s_it.o [1]
Sensor_Read_Byte        0x0093d2   0x38  Code  Gb  bsp_i2c.o [1]
Sensor_Write_Byte       0x009666   0x2f  Code  Gb  bsp_i2c.o [1]
SetBlueDuty             0x009c0f    0x3  Code  Gb  rgb.o [1]
SetGreenDuty            0x00826e    0x3  Code  Gb  rgb.o [1]
SetRedDuty              0x00826b    0x3  Code  Gb  rgb.o [1]
TIM1_CAP_COM_IRQHandler
                        0x009c2c    0x1  Code  Gb  stm8s_it.o [1]
TIM1_UPD_OVF_TRG_BRK_IRQHandler
                        0x009be8    0x5  Code  Gb  stm8s_it.o [1]
TIM2Config              0x009213   0x45  Code  Lc  main.o [1]
TIM2_ARRPreloadConfig   0x0098a8   0x2a  Code  Gb  stm8s_tim2.o [1]
TIM2_CAP_COM_IRQHandler
                        0x009c2e    0x1  Code  Gb  stm8s_it.o [1]
TIM2_Cmd                0x00987e   0x2a  Code  Gb  stm8s_tim2.o [1]
TIM2_OC1Init            0x008c7a   0xa2  Code  Gb  stm8s_tim2.o [1]
TIM2_OC1PreloadConfig   0x0098d2   0x2a  Code  Gb  stm8s_tim2.o [1]
TIM2_OC2Init            0x008d1c   0xa2  Code  Gb  stm8s_tim2.o [1]
TIM2_OC2PreloadConfig   0x0098fc   0x2a  Code  Gb  stm8s_tim2.o [1]
TIM2_OC3Init            0x008dbe   0xa2  Code  Gb  stm8s_tim2.o [1]
TIM2_OC3PreloadConfig   0x009926   0x2a  Code  Gb  stm8s_tim2.o [1]
TIM2_SetCompare1        0x009bba    0x9  Code  Gb  stm8s_tim2.o [1]
TIM2_SetCompare2        0x009bc3    0x9  Code  Gb  stm8s_tim2.o [1]
TIM2_SetCompare3        0x009bcc    0x9  Code  Gb  stm8s_tim2.o [1]
TIM2_TimeBaseInit       0x009ba3    0xc  Code  Gb  stm8s_tim2.o [1]
TIM2_UPD_OVF_BRK_IRQHandler
                        0x009c2d    0x1  Code  Gb  stm8s_it.o [1]
TIM4_ClearFlag          0x009a5d   0x21  Code  Gb  stm8s_tim4.o [1]
TIM4_ClearITPendingBit  0x009a7e   0x21  Code  Gb  stm8s_tim4.o [1]
TIM4_Cmd                0x009950   0x2a  Code  Gb  stm8s_tim4.o [1]
TIM4_Config             0x009acf   0x1d  Code  Lc  main.o [1]
TIM4_ITConfig           0x009180   0x4c  Code  Gb  stm8s_tim4.o [1]
TIM4_TimeBaseInit       0x0092df   0x42  Code  Gb  stm8s_tim4.o [1]
TIM4_UPD_OVF_IRQHandler
                        0x008fc2   0x61  Code  Gb  stm8s_it.o [1]
TIM4_UPD_OVF_IRQHandler::chargingCheckCounter
                        0x00004c    0x2  Data  Lc  stm8s_it.o [1]
TIM4_UPD_OVF_IRQHandler::counter
                        0x00004a    0x2  Data  Lc  stm8s_it.o [1]
TLI_IRQHandler          0x009c23    0x1  Code  Gb  stm8s_it.o [1]
TRAP_IRQHandler         0x009c22    0x1  Code  Gb  stm8s_it.o [1]
UART1_Cmd               0x009b96    0xd  Code  Gb  stm8s_uart1.o [1]
UART1_DeInit            0x009829   0x2b  Code  Gb  stm8s_uart1.o [1]
UART1_GetFlagStatus     0x008eda   0x77  Code  Gb  stm8s_uart1.o [1]
UART1_Init              0x008080  0x1eb  Code  Gb  stm8s_uart1.o [1]
UART1_RX_IRQHandler     0x009c30    0x1  Code  Gb  stm8s_it.o [1]
UART1_SendData8         0x009c08    0x4  Code  Gb  stm8s_uart1.o [1]
UART1_TX_IRQHandler     0x009c2f    0x1  Code  Gb  stm8s_it.o [1]
UartInit                0x009a3c   0x21  Code  Gb  bsp_uart.o [1]
UptimeRoutine           0x00997a   0x2a  Code  Gb  sys.o [1]
__DebugBreak            0x009c34    0x1  Code  Gb  __dbg_break.o [3]
__exit                  0x009b30   0x14  Code  Gb  __dbg_xxexit.o [3]
__iar_copy_init2        0x0099a4         Code  Gb  init_small.o [4]
__iar_data_init2        0x009b1c   0x14  Code  Gb  init.o [4]
__iar_program_start     0x009b44         Code  Gb  cstartup.o [4]
__iar_unhandled_exception
                        0x009c1e         Code  Gb  unhandled_exception.o [4]
__iar_zero_init2        0x009ab1         Code  Gb  init_small.o [4]
__intvec                0x008000         Data  Gb  interrupt.o [4]
__low_level_init        0x009c18    0x3  Code  Gb  low_level_init.o [4]
_exit                   0x009bf7         Code  Gb  cexit.o [4]
_interrupt_1            0x009c22         Code  Gb  stm8s_it.o [1]
_interrupt_12           0x009c2b         Code  Gb  stm8s_it.o [1]
_interrupt_13           0x009be8         Code  Gb  stm8s_it.o [1]
_interrupt_14           0x009c2c         Code  Gb  stm8s_it.o [1]
_interrupt_15           0x009c2d         Code  Gb  stm8s_it.o [1]
_interrupt_16           0x009c2e         Code  Gb  stm8s_it.o [1]
_interrupt_19           0x009c2f         Code  Gb  stm8s_it.o [1]
_interrupt_2            0x009c23         Code  Gb  stm8s_it.o [1]
_interrupt_20           0x009c30         Code  Gb  stm8s_it.o [1]
_interrupt_21           0x009c31         Code  Gb  stm8s_it.o [1]
_interrupt_24           0x009c32         Code  Gb  stm8s_it.o [1]
_interrupt_25           0x008fc2         Code  Gb  stm8s_it.o [1]
_interrupt_26           0x009c33         Code  Gb  stm8s_it.o [1]
_interrupt_3            0x009c24         Code  Gb  stm8s_it.o [1]
_interrupt_4            0x009c25         Code  Gb  stm8s_it.o [1]
_interrupt_5            0x009c26         Code  Gb  stm8s_it.o [1]
_interrupt_6            0x009c27         Code  Gb  stm8s_it.o [1]
_interrupt_7            0x009c28         Code  Gb  stm8s_it.o [1]
_interrupt_8            0x009c29         Code  Gb  stm8s_it.o [1]
_interrupt_9            0x009c2a         Code  Gb  stm8s_it.o [1]
abs                     0x009baf    0xb  Code  Gb  abs.o [4]
assert_failed           0x009c21    0x1  Code  Gb  main.o [1]
delay_time              0x000031    0x4  Data  Lc  sys.o [1]
exit                    0x009c1b    0x3  Code  Gb  exit.o [4]
main                    0x008b24   0xaf  Code  Gb  main.o [1]
prinfNumber             0x0086ba  0x136  Code  Gb  sys.o [1]
pwmDuty                 0x000021    0x6  Data  Gb  rgb.o [1]
rainbow                 0x000010    0x6  Data  Gb  rgb.o [1]
runningState            0x00004f    0x1  Data  Gb  main.o [1]
uptime                  0x00002d    0x4  Data  Lc  sys.o [1]


[1] = D:\STM8Project\WS2812_SC7A0\Debug\Obj
[2] = command line
[3] = dbgstm8smd.a
[4] = dlstm8smn.a

  6 739 bytes of readonly  code memory
    482 bytes of readonly  data memory
    336 bytes of readwrite data memory

Errors: none
Warnings: none
