###############################################################################
#
# IAR ELF Linker V3.10.1.201 for STM8                     04/Jun/2020  08:48:00
# Copyright 2010-2017 IAR Systems AB.
#
#    Output file  =  D:\STM8Project\WS2812\Debug\Exe\WS2812_S103.out
#    Map file     =  D:\STM8Project\WS2812\Debug\List\WS2812_S103.map
#    Command line =  
#        -f C:\Users\zunly\AppData\Local\Temp\EW14D2.tmp
#        (D:\STM8Project\WS2812\Debug\Obj\bsp_i2c.o
#        D:\STM8Project\WS2812\Debug\Obj\gsensor.o
#        D:\STM8Project\WS2812\Debug\Obj\lis3dh_driver.o
#        D:\STM8Project\WS2812\Debug\Obj\main.o
#        D:\STM8Project\WS2812\Debug\Obj\rgb.o
#        D:\STM8Project\WS2812\Debug\Obj\stm8s_clk.o
#        D:\STM8Project\WS2812\Debug\Obj\stm8s_gpio.o
#        D:\STM8Project\WS2812\Debug\Obj\stm8s_i2c.o
#        D:\STM8Project\WS2812\Debug\Obj\stm8s_it.o
#        D:\STM8Project\WS2812\Debug\Obj\stm8s_tim1.o
#        D:\STM8Project\WS2812\Debug\Obj\stm8s_tim2.o
#        D:\STM8Project\WS2812\Debug\Obj\stm8s_tim4.o
#        D:\STM8Project\WS2812\Debug\Obj\stm8s_uart1.o
#        D:\STM8Project\WS2812\Debug\Obj\sys.o --redirect
#        _Printf=_PrintfFullNoMb --redirect _Scanf=_ScanfFullNoMb -o
#        D:\STM8Project\WS2812\Debug\Exe\WS2812_S103.out --map
#        D:\STM8Project\WS2812\Debug\List\WS2812_S103.map --config "D:\Program
#        Files (x86)\IAR Systems\Embedded Workbench
#        8.0\stm8\config\lnkstm8s103f3.icf" --config_def _CSTACK_SIZE=0x100
#        --config_def _HEAP_SIZE=0x100 --entry __iar_program_start --debug_lib)
#
###############################################################################

*******************************************************************************
*** RUNTIME MODEL ATTRIBUTES
***

__SystemLibrary            = DLib
__code_model               = small
__core                     = stm8
__data_model               = medium
__dlib_file_descriptor     = 0
__dlib_full_locale_support = 0
__rt_version               = 4


*******************************************************************************
*** PLACEMENT SUMMARY
***

"A0":  place at start of [0x000000-0x0000ff] { rw section .vregs };
"A1":  place at end of [0x000000-0x0003ff] { block CSTACK };
"P2":  place in [from 0x000000 to 0x0003ff] {
          block HEAP, rw section __DLIB_PERTHREAD, rw section .far.bss,
          rw section .far.data, rw section .far.noinit,
          rw section .far_func.textrw, rw section .huge.bss,
          rw section .huge.data, rw section .huge.noinit,
          rw section .huge_func.textrw, rw section .iar.dynexit,
          rw section .near.bss, rw section .near.data, rw section .near.noinit,
          rw section .near_func.textrw };
"A2":  place at start of [0x008000-0x009fff] { block INTVEC };
"P3":  place in [from 0x008000 to 0x009fff] {
          ro section __DLIB_PERTHREAD_init, ro section .far.data_init,
          ro section .far_func.textrw_init, ro section .huge.data_init,
          ro section .huge_func.textrw_init, ro section .iar.init_table,
          ro section .init_array, ro section .near.data_init,
          ro section .near.rodata, ro section .near_func.text,
          ro section .near_func.textrw_init, ro section .tiny.data_init,
          ro section .tiny.rodata_init };
"P4":  place in [from 0x008000 to 0x009fff] {
          ro section .far.rodata, ro section .far_func.text };
"P5":  place in [from 0x008000 to 0x009fff] {
          ro section .huge.rodata, ro section .huge_func.text };
do not initialize {
   rw section .eeprom.noinit, rw section .far.noinit, rw section .huge.noinit,
   rw section .near.noinit, rw section .tiny.noinit, rw section .vregs };

  Section          Kind      Address    Size  Object
  -------          ----      -------    ----  ------
"A0":                                   0x10
  .vregs           uninit   0x000000    0x10  vregs.o [4]
                          - 0x000010    0x10

"P2":                                   0x20
  .near.bss        zero     0x000010     0x6  rgb.o [1]
  .near.bss        zero     0x000016     0x4  sys.o [1]
  .near.bss        zero     0x00001a     0x4  sys.o [1]
  .near.bss        zero     0x00001e     0x3  gsensor.o [1]
  .near.bss        zero     0x000021     0x2  main.o [1]
  .near.bss        zero     0x000023     0x2  main.o [1]
  .near.bss        zero     0x000025     0x2  rgb.o [1]
  .near.bss        zero     0x000027     0x2  rgb.o [1]
  .near.bss        zero     0x000029     0x2  rgb.o [1]
  .near.bss        zero     0x00002b     0x2  stm8s_it.o [1]
  .near.bss        zero     0x00002d     0x1  gsensor.o [1]
  .near.bss        zero     0x00002e     0x1  lis3dh_driver.o [1]
  .near.bss        zero     0x00002f     0x1  stm8s_it.o [1]
                          - 0x000030    0x20

"A1":                                  0x100
  CSTACK                    0x000300   0x100  <Block>
    CSTACK         uninit   0x000300   0x100  <Block tail>
                          - 0x000400   0x100

"A2":                                   0x80
  INTVEC                    0x008000    0x80  <Block>
    .intvec        const    0x008000    0x80  interrupt.o [4]
                          - 0x008080    0x80

"P3-P5":                              0x16b6
  .near_func.text  ro code  0x008080   0x226  stm8s_uart1.o [1]
  .near_func.text  ro code  0x0082a6   0x166  long.o [4]
  .near_func.text  ro code  0x00840c   0x10e  stm8s_gpio.o [1]
  .near_func.text  ro code  0x00851a    0xe4  vreg_util.o [4]
  .near_func.text  ro code  0x0085fe    0xcb  gsensor.o [1]
  .near_func.text  ro code  0x0086c9    0xaf  lis3dh_driver.o [1]
  .near_func.text  ro code  0x008778    0xac  stm8s_tim2.o [1]
  .near_func.text  ro code  0x008824    0xac  stm8s_tim2.o [1]
  .near_func.text  ro code  0x0088d0    0xac  stm8s_tim2.o [1]
  .near_func.text  ro code  0x00897c    0xab  stm8s_uart1.o [1]
  .near_func.text  ro code  0x008a27    0x9b  rgb.o [1]
  .near_func.text  ro code  0x008ac2    0x97  main.o [1]
  .near_func.text  ro code  0x008b59    0x8b  stm8s_clk.o [1]
  .near_func.text  ro code  0x008be4    0x87  rgb.o [1]
  .near_func.text  ro code  0x008c6b    0x7b  stm8s_clk.o [1]
  .near_func.text  ro code  0x008ce6    0x64  bsp_i2c.o [1]
  .near_func.text  ro code  0x008d4a    0x63  main.o [1]
  .near_func.text  ro code  0x008dad    0x5d  bsp_i2c.o [1]
  .near_func.text  ro code  0x008e0a    0x51  stm8s_tim4.o [1]
  .near_func.text  ro code  0x008e5b    0x4e  stm8s_tim4.o [1]
  .near_func.text  ro code  0x008ea9    0x4d  bsp_i2c.o [1]
  .near_func.text  ro code  0x008ef6    0x47  long_util.o [4]
  .near_func.text  ro code  0x008f3d    0x46  main.o [1]
  .near_func.text  ro code  0x008f83    0x3e  lis3dh_driver.o [1]
  .near_func.text  ro code  0x008fc1    0x3e  lis3dh_driver.o [1]
  .near_func.text  ro code  0x008fff    0x3d  lis3dh_driver.o [1]
  .near_func.text  ro code  0x00903c    0x38  bsp_i2c.o [1]
  .near_func.text  ro code  0x009074    0x38  bsp_i2c.o [1]
  .near_func.text  ro code  0x0090ac    0x35  gsensor.o [1]
  .near_func.text  ro code  0x0090e1    0x34  sys.o [1]
  .near_func.text  ro code  0x009115    0x32  bsp_i2c.o [1]
  .near_func.text  ro code  0x009147    0x32  bsp_i2c.o [1]
  .near_func.text  ro code  0x009179    0x32  bsp_i2c.o [1]
  .near_func.text  ro code  0x0091ab    0x32  stm8s_it.o [1]
  .near_func.text  ro code  0x0091dd    0x2f  bsp_i2c.o [1]
  .near_func.text  ro code  0x00920c    0x2f  stm8s_clk.o [1]
  .near_func.text  ro code  0x00923b    0x2f  stm8s_tim1.o [1]
  .near_func.text  ro code  0x00926a    0x2f  stm8s_tim2.o [1]
  .near_func.text  ro code  0x009299    0x2f  stm8s_tim2.o [1]
  .near_func.text  ro code  0x0092c8    0x2f  stm8s_tim2.o [1]
  .near_func.text  ro code  0x0092f7    0x2f  stm8s_tim2.o [1]
  .near_func.text  ro code  0x009326    0x2f  stm8s_tim2.o [1]
  .near_func.text  ro code  0x009355    0x2f  stm8s_tim4.o [1]
  .near_func.text  ro code  0x009384    0x2d  stm8s_uart1.o [1]
  .near.rodata     const    0x0093b1    0x28  stm8s_uart1.o [1]
  .near.rodata     const    0x0093d9    0x27  stm8s_gpio.o [1]
  .near.rodata     const    0x009400    0x27  stm8s_tim1.o [1]
  .near.rodata     const    0x009427    0x27  stm8s_tim2.o [1]
  .near.rodata     const    0x00944e    0x27  stm8s_tim4.o [1]
  .near_func.text  ro code  0x009475    0x27  bsp_i2c.o [1]
  .near_func.text  ro code  0x00949c    0x27  sys.o [1]
  .near.rodata     const    0x0094c3    0x26  stm8s_clk.o [1]
  .near_func.text  ro code  0x0094e9    0x25  dc_util.o [4]
  .near_func.text  ro code  0x00950e    0x23  stm8s_tim4.o [1]
  .near_func.text  ro code  0x009531    0x23  stm8s_tim4.o [1]
  .near_func.text  ro code  0x009554    0x23  short.o [4]
  .iar.init_table  const    0x009577     0x8  - Linker created -
  .near_func.text  ro code  0x00957f    0x1e  main.o [1]
  .near_func.text  ro code  0x00959d    0x1e  init_small.o [4]
  .near_func.text  ro code  0x0095bb    0x19  gsensor.o [1]
  .near_func.text  ro code  0x0095d4    0x19  lis3dh_driver.o [1]
  .near_func.text  ro code  0x0095ed    0x19  lis3dh_driver.o [1]
  .near_func.text  ro code  0x009606    0x18  lis3dh_driver.o [1]
  .near_func.text  ro code  0x00961e    0x18  sys.o [1]
  .near_func.text  ro code  0x009636    0x14  init.o [4]
  .near_func.text  ro code  0x00964a    0x14  __dbg_xxexit.o [3]
  .near_func.text  ro code  0x00965e    0x13  cstartup.o [4]
  .near_func.text  ro code  0x009671    0x10  stm8s_tim2.o [1]
  .near_func.text  ro code  0x009681    0x10  sys.o [1]
  .near_func.text  ro code  0x009691     0xe  stm8s_uart1.o [1]
  .near_func.text  ro code  0x00969f     0xd  rgb.o [1]
  .near_func.text  ro code  0x0096ac     0xd  rgb.o [1]
  .near_func.text  ro code  0x0096b9     0xc  gsensor.o [1]
  .near_func.text  ro code  0x0096c5     0xb  abs.o [4]
  .near_func.text  ro code  0x0096d0     0x9  stm8s_tim2.o [1]
  .near_func.text  ro code  0x0096d9     0x9  stm8s_tim2.o [1]
  .near_func.text  ro code  0x0096e2     0x9  stm8s_tim2.o [1]
  .near_func.text  ro code  0x0096eb     0x8  stm8s_gpio.o [1]
  .near_func.text  ro code  0x0096f3     0x7  stm8s_gpio.o [1]
  .near_func.text  ro code  0x0096fa     0x7  stm8s_gpio.o [1]
  .near_func.text  ro code  0x009701     0x5  stm8s_it.o [1]
  .near_func.text  ro code  0x009706     0x5  cexit.o [4]
  .near.rodata     const    0x00970b     0x4  stm8s_clk.o [1]
  .near_func.text  ro code  0x00970f     0x4  stm8s_uart1.o [1]
  .near_func.text  ro code  0x009713     0x3  stm8s_gpio.o [1]
  .near_func.text  ro code  0x009716     0x3  interrupt.o [4]
  .near_func.text  ro code  0x009719     0x3  low_level_init.o [4]
  .near_func.text  ro code  0x00971c     0x3  exit.o [4]
  .near_func.text  ro code  0x00971f     0x3  unhandled_exception.o [4]
  .near_func.text  ro code  0x009722     0x1  main.o [1]
  .near_func.text  ro code  0x009723     0x1  stm8s_it.o [1]
  .near_func.text  ro code  0x009724     0x1  stm8s_it.o [1]
  .near_func.text  ro code  0x009725     0x1  stm8s_it.o [1]
  .near_func.text  ro code  0x009726     0x1  stm8s_it.o [1]
  .near_func.text  ro code  0x009727     0x1  stm8s_it.o [1]
  .near_func.text  ro code  0x009728     0x1  stm8s_it.o [1]
  .near_func.text  ro code  0x009729     0x1  stm8s_it.o [1]
  .near_func.text  ro code  0x00972a     0x1  stm8s_it.o [1]
  .near_func.text  ro code  0x00972b     0x1  stm8s_it.o [1]
  .near_func.text  ro code  0x00972c     0x1  stm8s_it.o [1]
  .near_func.text  ro code  0x00972d     0x1  stm8s_it.o [1]
  .near_func.text  ro code  0x00972e     0x1  stm8s_it.o [1]
  .near_func.text  ro code  0x00972f     0x1  stm8s_it.o [1]
  .near_func.text  ro code  0x009730     0x1  stm8s_it.o [1]
  .near_func.text  ro code  0x009731     0x1  stm8s_it.o [1]
  .near_func.text  ro code  0x009732     0x1  stm8s_it.o [1]
  .near_func.text  ro code  0x009733     0x1  stm8s_it.o [1]
  .near_func.text  ro code  0x009734     0x1  stm8s_it.o [1]
  .near_func.text  ro code  0x009735     0x1  __dbg_break.o [3]
                          - 0x009736  0x16b6


*******************************************************************************
*** INIT TABLE
***

          Address   Size
          -------   ----
Zero (__iar_zero_init2)
    1 destination range, total size 0x20:
          0x000010  0x20



*******************************************************************************
*** MODULE SUMMARY
***

    Module                 ro code  ro data  rw data
    ------                 -------  -------  -------
D:\STM8Project\WS2812\Debug\Obj: [1]
    bsp_i2c.o                  618
    gsensor.o                  293                 4
    lis3dh_driver.o            434                 1
    main.o                     351                 4
    rgb.o                      316                12
    stm8s_clk.o                309       42
    stm8s_gpio.o               295       39
    stm8s_it.o                  73                 3
    stm8s_tim1.o                47       39
    stm8s_tim2.o               794       39
    stm8s_tim4.o               276       39
    stm8s_uart1.o              784       40
    sys.o                      131                 8
    ------------------------------------------------
    Total:                   4 721      238       32

command line: [2]
    ------------------------------------------------
    Total:

dbgstm8smd.a: [3]
    __dbg_break.o                1
    __dbg_xxexit.o              20
    ------------------------------------------------
    Total:                      21

dlstm8smn.a: [4]
    abs.o                       11
    cexit.o                      5
    cstartup.o                  19
    dc_util.o                   37
    exit.o                       3
    init.o                      20
    init_small.o                30
    interrupt.o                  3      128
    long.o                     358
    long_util.o                 71
    low_level_init.o             3
    short.o                     35
    unhandled_exception.o        3
    vreg_util.o                228
    vregs.o                                       16
    ------------------------------------------------
    Total:                     826      128       16

    Linker created                        8      256
----------------------------------------------------
    Grand Total:             5 568      374      304


*******************************************************************************
*** ENTRY LIST
***

Entry                    Address   Size  Type      Object
-----                    -------   ----  ----      ------
.iar.init_table$$Base   0x009577          --   Gb  - Linker created -
.iar.init_table$$Limit  0x00957f          --   Gb  - Linker created -
?add32_l0_l0_0x         0x0082b9         Code  Gb  long.o [4]
?b0                     0x000000         Data  Gb  vregs.o [4]
?b1                     0x000001         Data  Gb  vregs.o [4]
?b10                    0x00000a         Data  Gb  vregs.o [4]
?b11                    0x00000b         Data  Gb  vregs.o [4]
?b12                    0x00000c         Data  Gb  vregs.o [4]
?b13                    0x00000d         Data  Gb  vregs.o [4]
?b14                    0x00000e         Data  Gb  vregs.o [4]
?b15                    0x00000f         Data  Gb  vregs.o [4]
?b2                     0x000002         Data  Gb  vregs.o [4]
?b3                     0x000003         Data  Gb  vregs.o [4]
?b4                     0x000004         Data  Gb  vregs.o [4]
?b5                     0x000005         Data  Gb  vregs.o [4]
?b6                     0x000006         Data  Gb  vregs.o [4]
?b7                     0x000007         Data  Gb  vregs.o [4]
?b8                     0x000008         Data  Gb  vregs.o [4]
?b9                     0x000009         Data  Gb  vregs.o [4]
?dc32_l0                0x0094e9         Code  Gb  dc_util.o [4]
?dc32_l1                0x0094f6         Code  Gb  dc_util.o [4]
?dc32_px                0x009503         Code  Gb  dc_util.o [4]
?e0                     0x000001         Data  Gb  vregs.o [4]
?e1                     0x000005         Data  Gb  vregs.o [4]
?e2                     0x000009         Data  Gb  vregs.o [4]
?e3                     0x00000d         Data  Gb  vregs.o [4]
?epilogue_l2            0x0085b5         Code  Gb  vreg_util.o [4]
?epilogue_l2_l3         0x0085b2         Code  Gb  vreg_util.o [4]
?epilogue_w4            0x0085b9         Code  Gb  vreg_util.o [4]
?inc32_0x_0x            0x0082ab         Code  Gb  long.o [4]
?inc32_l0_l0            0x0082a6         Code  Gb  long.o [4]
?l0                     0x000000         Data  Gb  vregs.o [4]
?l1                     0x000004         Data  Gb  vregs.o [4]
?l2                     0x000008         Data  Gb  vregs.o [4]
?l3                     0x00000c         Data  Gb  vregs.o [4]
?load32_0x_l0           0x008f2f         Code  Gb  long_util.o [4]
?load32_asp_l0          0x008f23         Code  Gb  long_util.o [4]
?load32_dbsp_l0         0x008f1e         Code  Gb  long_util.o [4]
?load32_l0_0x           0x008f06         Code  Gb  long_util.o [4]
?load32_l0_asp          0x008efb         Code  Gb  long_util.o [4]
?load32_l0_dbsp         0x008ef6         Code  Gb  long_util.o [4]
?load32_l0_xsp          0x008efd         Code  Gb  long_util.o [4]
?load32_l1_0x           0x008f12         Code  Gb  long_util.o [4]
?load32_xsp_l0          0x008f25         Code  Gb  long_util.o [4]
?mov_e0_e2              0x0085c0         Code  Gb  vreg_util.o [4]
?mov_e0_e3              0x0085cd         Code  Gb  vreg_util.o [4]
?mov_e1_e0              0x0085da         Code  Gb  vreg_util.o [4]
?mov_e2_e0              0x0085e7         Code  Gb  vreg_util.o [4]
?mov_e3_e0              0x0085f4         Code  Gb  vreg_util.o [4]
?mov_l0_l2              0x0085bd         Code  Gb  vreg_util.o [4]
?mov_l0_l3              0x0085ca         Code  Gb  vreg_util.o [4]
?mov_l1_l0              0x0085d7         Code  Gb  vreg_util.o [4]
?mov_l2_l0              0x0085e4         Code  Gb  vreg_util.o [4]
?mov_l3_l0              0x0085f1         Code  Gb  vreg_util.o [4]
?mov_w1_w5              0x0085c3         Code  Gb  vreg_util.o [4]
?mov_w1_w7              0x0085d0         Code  Gb  vreg_util.o [4]
?mov_w3_w1              0x0085dd         Code  Gb  vreg_util.o [4]
?mov_w5_w1              0x0085ea         Code  Gb  vreg_util.o [4]
?mov_w7_w1              0x0085f7         Code  Gb  vreg_util.o [4]
?mul16_x_x_w0           0x009554         Code  Gb  short.o [4]
?mul32_l0_l0_0x         0x0082ef         Code  Gb  long.o [4]
?mul32_l0_l0_dl         0x0082ec         Code  Gb  long.o [4]
?mul32_l0_l0_l1         0x0082f8         Code  Gb  long.o [4]
?pop_l0                 0x00857e         Code  Gb  vreg_util.o [4]
?pop_l1                 0x008589         Code  Gb  vreg_util.o [4]
?pop_l2                 0x008594         Code  Gb  vreg_util.o [4]
?pop_l3                 0x00859f         Code  Gb  vreg_util.o [4]
?pop_w4                 0x008537         Code  Gb  vreg_util.o [4]
?pop_w6                 0x00853e         Code  Gb  vreg_util.o [4]
?push_l0                0x00854d         Code  Gb  vreg_util.o [4]
?push_l1                0x008552         Code  Gb  vreg_util.o [4]
?push_l2                0x008557         Code  Gb  vreg_util.o [4]
?push_l3                0x00855c         Code  Gb  vreg_util.o [4]
?push_w4                0x00851a         Code  Gb  vreg_util.o [4]
?push_w6                0x00851f         Code  Gb  vreg_util.o [4]
?sll32_0x_0x_a          0x0083fe         Code  Gb  long.o [4]
?sll32_l0_l0_a          0x0083fb         Code  Gb  long.o [4]
?srl16_x_x_4            0x009572         Code  Gb  short.o [4]
?sub32_l0_l0_0x         0x0082d4         Code  Gb  long.o [4]
?sub32_l0_l0_l1         0x0082d1         Code  Gb  long.o [4]
?ucmp32_c_l0_0x         0x0083eb         Code  Gb  long.o [4]
?udiv32_l0_dl_l1        0x008376         Code  Gb  long.o [4]
?udiv32_l0_l0_dl        0x00837b         Code  Gb  long.o [4]
?udiv32_l0_l0_l1        0x00837e         Code  Gb  long.o [4]
?umod32_l1_l0_l1        0x00837e         Code  Gb  long.o [4]
?w0                     0x000000         Data  Gb  vregs.o [4]
?w1                     0x000002         Data  Gb  vregs.o [4]
?w2                     0x000004         Data  Gb  vregs.o [4]
?w3                     0x000006         Data  Gb  vregs.o [4]
?w4                     0x000008         Data  Gb  vregs.o [4]
?w5                     0x00000a         Data  Gb  vregs.o [4]
?w6                     0x00000c         Data  Gb  vregs.o [4]
?w7                     0x00000e         Data  Gb  vregs.o [4]
ADC1_IRQHandler         0x009733    0x1  Code  Gb  stm8s_it.o [1]
AWU_IRQHandler          0x009725    0x1  Code  Gb  stm8s_it.o [1]
AllOff                  0x008a27   0x9b  Code  Gb  rgb.o [1]
CLK_GetClockFreq        0x008c6b   0x7b  Code  Gb  stm8s_clk.o [1]
CLK_HSICmd              0x00920c   0x2f  Code  Gb  stm8s_clk.o [1]
CLK_IRQHandler          0x009726    0x1  Code  Gb  stm8s_it.o [1]
CLK_SYSCLKConfig        0x008b59   0x8b  Code  Gb  stm8s_clk.o [1]
CSTACK$$Base            0x000300          --   Gb  - Linker created -
CSTACK$$Limit           0x000400          --   Gb  - Linker created -
ChangeColorSlowly       0x008be4   0x87  Code  Gb  rgb.o [1]
ChangeColorSlowly::colorBNow
                        0x000027    0x2  Data  Lc  rgb.o [1]
ChangeColorSlowly::colorGNow
                        0x000029    0x2  Data  Lc  rgb.o [1]
ChangeColorSlowly::colorRNow
                        0x000025    0x2  Data  Lc  rgb.o [1]
Debug                   0x00961e   0x18  Code  Gb  sys.o [1]
Delay                   0x009681   0x10  Code  Gb  sys.o [1]
DelayMs                 0x00949c   0x27  Code  Gb  sys.o [1]
EEPROM_EEC_IRQHandler   0x009734    0x1  Code  Gb  stm8s_it.o [1]
EXTI_PORTA_IRQHandler   0x009727    0x1  Code  Gb  stm8s_it.o [1]
EXTI_PORTB_IRQHandler   0x009728    0x1  Code  Gb  stm8s_it.o [1]
EXTI_PORTC_IRQHandler   0x009729    0x1  Code  Gb  stm8s_it.o [1]
EXTI_PORTD_IRQHandler   0x00972a    0x1  Code  Gb  stm8s_it.o [1]
EXTI_PORTE_IRQHandler   0x00972b    0x1  Code  Gb  stm8s_it.o [1]
GPIO_Init               0x00840c  0x10e  Code  Gb  stm8s_gpio.o [1]
GPIO_ReadInputData      0x009713    0x3  Code  Gb  stm8s_gpio.o [1]
GPIO_ReadInputPin       0x0096fa    0x7  Code  Gb  stm8s_gpio.o [1]
GPIO_WriteHigh          0x0096f3    0x7  Code  Gb  stm8s_gpio.o [1]
GPIO_WriteLow           0x0096eb    0x8  Code  Gb  stm8s_gpio.o [1]
GetAxisXYZ              0x0095bb   0x19  Code  Gb  gsensor.o [1]
GetDutyDirect           0x0085fe   0xcb  Code  Gb  gsensor.o [1]
GsensorInit             0x0096b9    0xc  Code  Gb  gsensor.o [1]
GsensorLis3dhInit       0x0090ac   0x35  Code  Lc  gsensor.o [1]
HSIDivFactor            0x00970b    0x4  Data  Gb  stm8s_clk.o [1]
I2C_IRQHandler          0x009732    0x1  Code  Gb  stm8s_it.o [1]
IIC_Ack                 0x009147   0x32  Code  Gb  bsp_i2c.o [1]
IIC_NAck                0x009179   0x32  Code  Gb  bsp_i2c.o [1]
IIC_Read_Byte           0x008dad   0x5d  Code  Gb  bsp_i2c.o [1]
IIC_SDA_Dir             0x009475   0x27  Code  Gb  bsp_i2c.o [1]
IIC_Start               0x009115   0x32  Code  Gb  bsp_i2c.o [1]
IIC_Stop                0x00903c   0x38  Code  Gb  bsp_i2c.o [1]
IIC_Wait_Ack            0x008ea9   0x4d  Code  Gb  bsp_i2c.o [1]
IIC_Write_Byte          0x008ce6   0x64  Code  Gb  bsp_i2c.o [1]
INTVEC$$Base            0x008000          --   Gb  - Linker created -
INTVEC$$Limit           0x008080          --   Gb  - Linker created -
LIS3DH_GetWHO_AM_I      0x009606   0x18  Code  Gb  lis3dh_driver.o [1]
LIS3DH_ReadReg          0x0095d4   0x19  Code  Gb  lis3dh_driver.o [1]
LIS3DH_SetAxis          0x008fff   0x3d  Code  Gb  lis3dh_driver.o [1]
LIS3DH_SetFullScale     0x008fc1   0x3e  Code  Gb  lis3dh_driver.o [1]
LIS3DH_SetMode          0x0086c9   0xaf  Code  Gb  lis3dh_driver.o [1]
LIS3DH_SetMode::ODR_old_value
                        0x00002e    0x1  Data  Lc  lis3dh_driver.o [1]
LIS3DH_SetODR           0x008f83   0x3e  Code  Gb  lis3dh_driver.o [1]
LIS3DH_WriteReg         0x0095ed   0x19  Code  Gb  lis3dh_driver.o [1]
PowerManage             0x008d4a   0x63  Code  Gb  main.o [1]
PowerManage::postOld    0x000023    0x2  Data  Lc  main.o [1]
PowerManage::sleepCounter
                        0x000021    0x2  Data  Lc  main.o [1]
Region$$Table$$Base     0x009577          --   Gb  - Linker created -
Region$$Table$$Limit    0x00957f          --   Gb  - Linker created -
SPI_IRQHandler          0x00972c    0x1  Code  Gb  stm8s_it.o [1]
Sensor_Read_Byte        0x009074   0x38  Code  Gb  bsp_i2c.o [1]
Sensor_Write_Byte       0x0091dd   0x2f  Code  Gb  bsp_i2c.o [1]
SetGreenDuty            0x0096ac    0xd  Code  Gb  rgb.o [1]
SetRedDuty              0x00969f    0xd  Code  Gb  rgb.o [1]
TIM1_CAP_COM_IRQHandler
                        0x00972d    0x1  Code  Gb  stm8s_it.o [1]
TIM1_Cmd                0x00923b   0x2f  Code  Gb  stm8s_tim1.o [1]
TIM1_UPD_OVF_TRG_BRK_IRQHandler
                        0x009701    0x5  Code  Gb  stm8s_it.o [1]
TIM2Config              0x008f3d   0x46  Code  Lc  main.o [1]
TIM2_ARRPreloadConfig   0x009299   0x2f  Code  Gb  stm8s_tim2.o [1]
TIM2_CAP_COM_IRQHandler
                        0x00972f    0x1  Code  Gb  stm8s_it.o [1]
TIM2_Cmd                0x00926a   0x2f  Code  Gb  stm8s_tim2.o [1]
TIM2_OC1Init            0x008778   0xac  Code  Gb  stm8s_tim2.o [1]
TIM2_OC1PreloadConfig   0x0092c8   0x2f  Code  Gb  stm8s_tim2.o [1]
TIM2_OC2Init            0x008824   0xac  Code  Gb  stm8s_tim2.o [1]
TIM2_OC2PreloadConfig   0x0092f7   0x2f  Code  Gb  stm8s_tim2.o [1]
TIM2_OC3Init            0x0088d0   0xac  Code  Gb  stm8s_tim2.o [1]
TIM2_OC3PreloadConfig   0x009326   0x2f  Code  Gb  stm8s_tim2.o [1]
TIM2_SetCompare1        0x0096d0    0x9  Code  Gb  stm8s_tim2.o [1]
TIM2_SetCompare2        0x0096d9    0x9  Code  Gb  stm8s_tim2.o [1]
TIM2_SetCompare3        0x0096e2    0x9  Code  Gb  stm8s_tim2.o [1]
TIM2_TimeBaseInit       0x009671   0x10  Code  Gb  stm8s_tim2.o [1]
TIM2_UPD_OVF_BRK_IRQHandler
                        0x00972e    0x1  Code  Gb  stm8s_it.o [1]
TIM4_ClearFlag          0x00950e   0x23  Code  Gb  stm8s_tim4.o [1]
TIM4_ClearITPendingBit  0x009531   0x23  Code  Gb  stm8s_tim4.o [1]
TIM4_Cmd                0x009355   0x2f  Code  Gb  stm8s_tim4.o [1]
TIM4_Config             0x00957f   0x1e  Code  Lc  main.o [1]
TIM4_ITConfig           0x008e5b   0x4e  Code  Gb  stm8s_tim4.o [1]
TIM4_TimeBaseInit       0x008e0a   0x51  Code  Gb  stm8s_tim4.o [1]
TIM4_UPD_OVF_IRQHandler
                        0x0091ab   0x32  Code  Gb  stm8s_it.o [1]
TIM4_UPD_OVF_IRQHandler::counter
                        0x00002b    0x2  Data  Lc  stm8s_it.o [1]
TLI_IRQHandler          0x009724    0x1  Code  Gb  stm8s_it.o [1]
TRAP_IRQHandler         0x009723    0x1  Code  Gb  stm8s_it.o [1]
UART1_Cmd               0x009691    0xe  Code  Gb  stm8s_uart1.o [1]
UART1_DeInit            0x009384   0x2d  Code  Gb  stm8s_uart1.o [1]
UART1_GetFlagStatus     0x00897c   0xab  Code  Gb  stm8s_uart1.o [1]
UART1_Init              0x008080  0x226  Code  Gb  stm8s_uart1.o [1]
UART1_RX_IRQHandler     0x009731    0x1  Code  Gb  stm8s_it.o [1]
UART1_SendData8         0x00970f    0x4  Code  Gb  stm8s_uart1.o [1]
UART1_TX_IRQHandler     0x009730    0x1  Code  Gb  stm8s_it.o [1]
UptimeRoutine           0x0090e1   0x34  Code  Gb  sys.o [1]
__DebugBreak            0x009735    0x1  Code  Gb  __dbg_break.o [3]
__exit                  0x00964a   0x14  Code  Gb  __dbg_xxexit.o [3]
__iar_data_init2        0x009636   0x14  Code  Gb  init.o [4]
__iar_program_start     0x00965e         Code  Gb  cstartup.o [4]
__iar_unhandled_exception
                        0x00971f         Code  Gb  unhandled_exception.o [4]
__iar_zero_init2        0x00959d         Code  Gb  init_small.o [4]
__intvec                0x008000         Data  Gb  interrupt.o [4]
__low_level_init        0x009719    0x3  Code  Gb  low_level_init.o [4]
_exit                   0x009706         Code  Gb  cexit.o [4]
_interrupt_1            0x009723         Code  Gb  stm8s_it.o [1]
_interrupt_12           0x00972c         Code  Gb  stm8s_it.o [1]
_interrupt_13           0x009701         Code  Gb  stm8s_it.o [1]
_interrupt_14           0x00972d         Code  Gb  stm8s_it.o [1]
_interrupt_15           0x00972e         Code  Gb  stm8s_it.o [1]
_interrupt_16           0x00972f         Code  Gb  stm8s_it.o [1]
_interrupt_19           0x009730         Code  Gb  stm8s_it.o [1]
_interrupt_2            0x009724         Code  Gb  stm8s_it.o [1]
_interrupt_20           0x009731         Code  Gb  stm8s_it.o [1]
_interrupt_21           0x009732         Code  Gb  stm8s_it.o [1]
_interrupt_24           0x009733         Code  Gb  stm8s_it.o [1]
_interrupt_25           0x0091ab         Code  Gb  stm8s_it.o [1]
_interrupt_26           0x009734         Code  Gb  stm8s_it.o [1]
_interrupt_3            0x009725         Code  Gb  stm8s_it.o [1]
_interrupt_4            0x009726         Code  Gb  stm8s_it.o [1]
_interrupt_5            0x009727         Code  Gb  stm8s_it.o [1]
_interrupt_6            0x009728         Code  Gb  stm8s_it.o [1]
_interrupt_7            0x009729         Code  Gb  stm8s_it.o [1]
_interrupt_8            0x00972a         Code  Gb  stm8s_it.o [1]
_interrupt_9            0x00972b         Code  Gb  stm8s_it.o [1]
abs                     0x0096c5    0xb  Code  Gb  abs.o [4]
assert_failed           0x009722    0x1  Code  Gb  main.o [1]
catchTime               0x00002f    0x1  Data  Gb  stm8s_it.o [1]
delay_time              0x00001a    0x4  Data  Lc  sys.o [1]
exit                    0x00971c    0x3  Code  Gb  exit.o [4]
g_acc_error             0x00002d    0x1  Data  Gb  gsensor.o [1]
main                    0x008ac2   0x97  Code  Gb  main.o [1]
pose                    0x00001e    0x3  Data  Gb  gsensor.o [1]
pwmDuty                 0x000010    0x6  Data  Gb  rgb.o [1]
uptime                  0x000016    0x4  Data  Lc  sys.o [1]


[1] = D:\STM8Project\WS2812\Debug\Obj
[2] = command line
[3] = dbgstm8smd.a
[4] = dlstm8smn.a

  5 568 bytes of readonly  code memory
    374 bytes of readonly  data memory
    304 bytes of readwrite data memory

Errors: none
Warnings: none
